// Jest Snapshot v1, https://goo.gl/fbAQLP

exports[`<LoginScreen/> should sign in input boxes be present  1`] = `
<div>
  <div
    class="login-form"
  >
    <aside
      class="left-side"
    >
      <h2>
        Sign In
      </h2>
      <p>
        Get access to your orders, wishlist and recommendations
      </p>
    </aside>
    <form
      class="right-side"
    >
      <input
        name="email"
        placeholder="Email"
        required=""
        type="email"
      />
      <input
        minlength="6"
        name="password"
        pattern="(?=.*\\\\d)(?=.*[a-z])(?=.*[A-Z]).{6,}"
        placeholder="Password"
        required=""
        type="password"
      />
      
      <button
        type="submit"
      >
        Sign In
      </button>
    </form>
  </div>
</div>
`;
